Line 1
Line 2
Line 3
This is a longer line with more content
Final line